
%TEXT, 90JIS
hminl-h	H	KozMinPro-Light
hminl-v	V	KozMinPro-Light
hminr-h	H	KozMinPro-Regular
hminr-v	V	KozMinPro-Regular
hminb-h	H	KozMinPro-Bold
hminb-v	V	KozMinPro-Bold
hgothr-h	H	KozGoPro-Regular
hgothr-v	V	KozGoPro-Regular
hgothb-h	H	KozGoPro-Bold
hgothb-v	V	KozGoPro-Bold
hgotheb-h	H	KozGoPro-Heavy
hgotheb-v	V	KozGoPro-Heavy
hmgothr-h	H	KozGoPro-Heavy
hmgothr-v	V	KozGoPro-Heavy

% TEXT, JIS04
%   (Using H/V instead of JISX0213-2004-* does not cause any problem.)

hminln-h	JISX0213-2004-H	KozMinPro-Light
hminln-v	JISX0213-2004-V	KozMinPro-Light
hminrn-h	JISX0213-2004-H	KozMinPro-Regular
hminrn-v	JISX0213-2004-V	KozMinPro-Regular
hminbn-h	JISX0213-2004-H	KozMinPro-Bold
hminbn-v	JISX0213-2004-V	KozMinPro-Bold
hgothrn-h	JISX0213-2004-H	KozGoPro-Regular
hgothrn-v	JISX0213-2004-V	KozGoPro-Regular
hgothbn-h	JISX0213-2004-H	KozGoPro-Bold
hgothbn-v	JISX0213-2004-V	KozGoPro-Bold
hmgothrn-h	JISX0213-2004-H	KozGoPro-Heavy
hmgothrn-v	JISX0213-2004-V	KozGoPro-Heavy

% CID
otf-cjml-h	Identity-H	KozMinPro-Light
otf-cjml-v	Identity-V	KozMinPro-Light
otf-cjmr-h	Identity-H	KozMinPro-Regular
otf-cjmr-v	Identity-V	KozMinPro-Regular
otf-cjmb-h	Identity-H	KozMinPro-Bold
otf-cjmb-v	Identity-V	KozMinPro-Bold
otf-cjgr-h	Identity-H	KozGoPro-Regular
otf-cjgr-v	Identity-V	KozGoPro-Regular
otf-cjgb-h	Identity-H	KozGoPro-Bold
otf-cjgb-v	Identity-V	KozGoPro-Bold
otf-cjmgr-h	Identity-H	KozGoPro-Heavy
otf-cjmgr-v	Identity-V	KozGoPro-Heavy

% Unicode 90JIS
otf-ujml-h	UniJIS-UTF16-H	KozMinPro-Light
otf-ujml-v	UniJIS-UTF16-V	KozMinPro-Light
otf-ujmr-h	UniJIS-UTF16-H	KozMinPro-Regular
otf-ujmr-v	UniJIS-UTF16-V	KozMinPro-Regular
otf-ujmb-h	UniJIS-UTF16-H	KozMinPro-Bold
otf-ujmb-v	UniJIS-UTF16-V	KozMinPro-Bold
otf-ujgr-h	UniJIS-UTF16-H	KozGoPro-Regular
otf-ujgr-v	UniJIS-UTF16-V	KozGoPro-Regular
otf-ujgb-h	UniJIS-UTF16-H	KozGoPro-Bold
otf-ujgb-v	UniJIS-UTF16-V	KozGoPro-Bold
otf-ujmgr-h	UniJIS-UTF16-H	KozGoPro-Heavy
otf-ujmgr-v	UniJIS-UTF16-V	KozGoPro-Heavy

% Unicode JIS04
otf-ujmln-h	UniJIS2004-UTF16-H	KozMinPro-Light
otf-ujmln-v	UniJIS2004-UTF16-V	KozMinPro-Light
otf-ujmrn-h	UniJIS2004-UTF16-H	KozMinPro-Regular
otf-ujmrn-v	UniJIS2004-UTF16-V	KozMinPro-Regular
otf-ujmbn-h	UniJIS2004-UTF16-H	KozMinPro-Bold
otf-ujmbn-v	UniJIS2004-UTF16-V	KozMinPro-Bold
otf-ujgrn-h	UniJIS2004-UTF16-H	KozGoPro-Regular
otf-ujgrn-v	UniJIS2004-UTF16-V	KozGoPro-Regular
otf-ujgbn-h	UniJIS2004-UTF16-H	KozGoPro-Bold
otf-ujgbn-v	UniJIS2004-UTF16-V	KozGoPro-Bold
otf-ujmgrn-h	UniJIS2004-UTF16-H	KozGoPro-Heavy
otf-ujmgrn-v	UniJIS2004-UTF16-V	KozGoPro-Heavy
