
% TEXT, 90JIS
uphminl-h	UniJIS-UTF16-H	HiraMinProN-W2.otf
uphminl-v	UniJIS-UTF16-V	HiraMinProN-W2.otf
uphminr-h	UniJIS-UTF16-H	:0:HiraginoSerif-W3.ttc %!PS HiraMinProN-W3
uphminr-v	UniJIS-UTF16-V	:0:HiraginoSerif-W3.ttc %!PS HiraMinProN-W3
uphminb-h	UniJIS-UTF16-H	:0:HiraginoSerif-W6.ttc %!PS HiraMinProN-W6
uphminb-v	UniJIS-UTF16-V	:0:HiraginoSerif-W6.ttc %!PS HiraMinProN-W6
uphgothr-h	UniJIS-UTF16-H	:2:HiraginoSans-W3.ttc  %!PS HiraKakuProN-W3
uphgothr-v	UniJIS-UTF16-V	:2:HiraginoSans-W3.ttc  %!PS HiraKakuProN-W3
uphgothb-h	UniJIS-UTF16-H	:2:HiraginoSans-W6.ttc  %!PS HiraKakuProN-W6
uphgothb-v	UniJIS-UTF16-V	:2:HiraginoSans-W6.ttc  %!PS HiraKakuProN-W6
uphgotheb-h	UniJIS-UTF16-H	:3:HiraginoSans-W8.ttc  %!PS HiraKakuStdN-W8
uphgotheb-v	UniJIS-UTF16-V	:3:HiraginoSans-W8.ttc  %!PS HiraKakuStdN-W8
uphmgothr-h	UniJIS-UTF16-H	:1:HiraginoSansR-W4.ttc %!PS HiraMaruProN-W4
uphmgothr-v	UniJIS-UTF16-V	:1:HiraginoSansR-W4.ttc %!PS HiraMaruProN-W4

% TEXT, JIS04
uphminln-h	UniJIS2004-UTF16-H	HiraMinProN-W2.otf
uphminln-v	UniJIS2004-UTF16-V	HiraMinProN-W2.otf
uphminrn-h	UniJIS2004-UTF16-H	:0:HiraginoSerif-W3.ttc %!PS HiraMinProN-W3
uphminrn-v	UniJIS2004-UTF16-V	:0:HiraginoSerif-W3.ttc %!PS HiraMinProN-W3
uphminbn-h	UniJIS2004-UTF16-H	:0:HiraginoSerif-W6.ttc %!PS HiraMinProN-W6
uphminbn-v	UniJIS2004-UTF16-V	:0:HiraginoSerif-W6.ttc %!PS HiraMinProN-W6
uphgothrn-h	UniJIS2004-UTF16-H	:2:HiraginoSans-W3.ttc  %!PS HiraKakuProN-W3
uphgothrn-v	UniJIS2004-UTF16-V	:2:HiraginoSans-W3.ttc  %!PS HiraKakuProN-W3
uphgothbn-h	UniJIS2004-UTF16-H	:2:HiraginoSans-W6.ttc  %!PS HiraKakuProN-W6
uphgothbn-v	UniJIS2004-UTF16-V	:2:HiraginoSans-W6.ttc  %!PS HiraKakuProN-W6
uphgothebn-h	UniJIS2004-UTF16-H	:3:HiraginoSans-W8.ttc  %!PS HiraKakuStdN-W8
uphgothebn-v	UniJIS2004-UTF16-V	:3:HiraginoSans-W8.ttc  %!PS HiraKakuStdN-W8
uphmgothrn-h	UniJIS2004-UTF16-H	:1:HiraginoSansR-W4.ttc %!PS HiraMaruProN-W4
uphmgothrn-v	UniJIS2004-UTF16-V	:1:HiraginoSansR-W4.ttc %!PS HiraMaruProN-W4
