
% TEXT, 90JIS
hminl-h	H	HiraMinPro-W2.otf
hminl-v	V	HiraMinPro-W2.otf
hminr-h	H	HiraMinPro-W3.otf
hminr-v	V	HiraMinPro-W3.otf
hminb-h	H	HiraMinPro-W6.otf
hminb-v	V	HiraMinPro-W6.otf
hgothr-h	H	HiraKakuPro-W3.otf
hgothr-v	V	HiraKakuPro-W3.otf
hgothb-h	H	HiraKakuPro-W6.otf
hgothb-v	V	HiraKakuPro-W6.otf
hgotheb-h	H	HiraKakuStd-W8.otf
hgotheb-v	V	HiraKakuStd-W8.otf
hmgothr-h	H	HiraMaruPro-W4.otf
hmgothr-v	V	HiraMaruPro-W4.otf

% TEXT, JIS04
hminln-h	H	HiraMinPro-W2.otf
hminln-v	V	HiraMinPro-W2.otf
hminrn-h	H	HiraMinPro-W3.otf
hminrn-v	V	HiraMinPro-W3.otf
hminbn-h	H	HiraMinPro-W6.otf
hminbn-v	V	HiraMinPro-W6.otf
hgothrn-h	H	HiraKakuPro-W3.otf
hgothrn-v	V	HiraKakuPro-W3.otf
hgothbn-h	H	HiraKakuPro-W6.otf
hgothbn-v	V	HiraKakuPro-W6.otf
hgothebn-h	H	HiraKakuStd-W8.otf
hgothebn-v	V	HiraKakuStd-W8.otf
hmgothrn-h	H	HiraMaruPro-W4.otf
hmgothrn-v	V	HiraMaruPro-W4.otf

% CID
otf-cjml-h	Identity-H	HiraMinPro-W2.otf
otf-cjml-v	Identity-V	HiraMinPro-W2.otf
otf-cjmr-h	Identity-H	HiraMinPro-W3.otf
otf-cjmr-v	Identity-V	HiraMinPro-W3.otf
otf-cjmb-h	Identity-H	HiraMinPro-W6.otf
otf-cjmb-v	Identity-V	HiraMinPro-W6.otf
otf-cjgr-h	Identity-H	HiraKakuPro-W3.otf
otf-cjgr-v	Identity-V	HiraKakuPro-W3.otf
otf-cjgb-h	Identity-H	HiraKakuPro-W6.otf
otf-cjgb-v	Identity-V	HiraKakuPro-W6.otf
otf-cjge-h	Identity-H	HiraKakuStd-W8.otf
otf-cjge-v	Identity-V	HiraKakuStd-W8.otf
otf-cjmgr-h	Identity-H	HiraMaruPro-W4.otf
otf-cjmgr-v	Identity-V	HiraMaruPro-W4.otf

% Unicode 90JIS
otf-ujml-h	UniJIS-UTF16-H	HiraMinPro-W2.otf
otf-ujml-v	UniJIS-UTF16-V	HiraMinPro-W2.otf
otf-ujmr-h	UniJIS-UTF16-H	HiraMinPro-W3.otf
otf-ujmr-v	UniJIS-UTF16-V	HiraMinPro-W3.otf
otf-ujmb-h	UniJIS-UTF16-H	HiraMinPro-W6.otf
otf-ujmb-v	UniJIS-UTF16-V	HiraMinPro-W6.otf
otf-ujgr-h	UniJIS-UTF16-H	HiraKakuPro-W3.otf
otf-ujgr-v	UniJIS-UTF16-V	HiraKakuPro-W3.otf
otf-ujgb-h	UniJIS-UTF16-H	HiraKakuPro-W6.otf
otf-ujgb-v	UniJIS-UTF16-V	HiraKakuPro-W6.otf
otf-ujge-h	UniJIS-UTF16-H	HiraKakuStd-W8.otf
otf-ujge-v	UniJIS-UTF16-V	HiraKakuStd-W8.otf
otf-ujmgr-h	UniJIS-UTF16-H	HiraMaruPro-W4.otf
otf-ujmgr-v	UniJIS-UTF16-V	HiraMaruPro-W4.otf

% Unicode JIS04
otf-ujmln-h	UniJIS2004-UTF16-H	HiraMinPro-W2.otf
otf-ujmln-v	UniJIS2004-UTF16-V	HiraMinPro-W2.otf
otf-ujmrn-h	UniJIS2004-UTF16-H	HiraMinPro-W3.otf
otf-ujmrn-v	UniJIS2004-UTF16-V	HiraMinPro-W3.otf
otf-ujmbn-h	UniJIS2004-UTF16-H	HiraMinPro-W6.otf
otf-ujmbn-v	UniJIS2004-UTF16-V	HiraMinPro-W6.otf
otf-ujgrn-h	UniJIS2004-UTF16-H	HiraKakuPro-W3.otf
otf-ujgrn-v	UniJIS2004-UTF16-V	HiraKakuPro-W3.otf
otf-ujgbn-h	UniJIS2004-UTF16-H	HiraKakuPro-W6.otf
otf-ujgbn-v	UniJIS2004-UTF16-V	HiraKakuPro-W6.otf
otf-ujgen-h	UniJIS2004-UTF16-H	HiraKakuStd-W8.otf
otf-ujgen-v	UniJIS2004-UTF16-V	HiraKakuStd-W8.otf
otf-ujmgrn-h	UniJIS2004-UTF16-H	HiraMaruPro-W4.otf
otf-ujmgrn-v	UniJIS2004-UTF16-V	HiraMaruPro-W4.otf

% hiraprop
hiramin-w3-h Identity-H HiraMinPro-W3
hiramin-w6-h Identity-H HiraMinPro-W6
hirakaku-w3-h Identity-H HiraKakuPro-W3
hirakaku-w6-h Identity-H HiraKakuPro-W6
hiramaru-w4-h Identity-H HiraMaruPro-W4
hiramin-w3-v Identity-V HiraMinPro-W3
hiramin-w6-v Identity-V HiraMinPro-W6
hirakaku-w3-v Identity-V HiraKakuPro-W3
hirakaku-w6-v Identity-V HiraKakuPro-W6
hiramaru-w4-v Identity-V HiraMaruPro-W4
