
% TEXT, 90JIS
hminl-h	H	HiraMinProN-W2.otf
hminl-v	V	HiraMinProN-W2.otf
hminr-h	H	HiraMinProN-W3.otf
hminr-v	V	HiraMinProN-W3.otf
hminb-h	H	HiraMinProN-W6.otf
hminb-v	V	HiraMinProN-W6.otf
hgothr-h	H	HiraKakuProN-W3.otf
hgothr-v	V	HiraKakuProN-W3.otf
hgothb-h	H	HiraKakuProN-W6.otf
hgothb-v	V	HiraKakuProN-W6.otf
hgotheb-h	H	HiraKakuStdN-W8.otf
hgotheb-v	V	HiraKakuStdN-W8.otf
hmgothr-h	H	HiraMaruProN-W4.otf
hmgothr-v	V	HiraMaruProN-W4.otf

% TEXT, JIS04
hminln-h	H	HiraMinProN-W2.otf
hminln-v	V	HiraMinProN-W2.otf
hminrn-h	H	HiraMinProN-W3.otf
hminrn-v	V	HiraMinProN-W3.otf
hminbn-h	H	HiraMinProN-W6.otf
hminbn-v	V	HiraMinProN-W6.otf
hgothrn-h	H	HiraKakuProN-W3.otf
hgothrn-v	V	HiraKakuProN-W3.otf
hgothbn-h	H	HiraKakuProN-W6.otf
hgothbn-v	V	HiraKakuProN-W6.otf
hgothebn-h	H	HiraKakuStdN-W8.otf
hgothebn-v	V	HiraKakuStdN-W8.otf
hmgothrn-h	H	HiraMaruProN-W4.otf
hmgothrn-v	V	HiraMaruProN-W4.otf

% CID
otf-cjml-h	Identity-H	HiraMinProN-W2.otf
otf-cjml-v	Identity-V	HiraMinProN-W2.otf
otf-cjmr-h	Identity-H	HiraMinProN-W3.otf
otf-cjmr-v	Identity-V	HiraMinProN-W3.otf
otf-cjmb-h	Identity-H	HiraMinProN-W6.otf
otf-cjmb-v	Identity-V	HiraMinProN-W6.otf
otf-cjgr-h	Identity-H	HiraKakuProN-W3.otf
otf-cjgr-v	Identity-V	HiraKakuProN-W3.otf
otf-cjgb-h	Identity-H	HiraKakuProN-W6.otf
otf-cjgb-v	Identity-V	HiraKakuProN-W6.otf
otf-cjge-h	Identity-H	HiraKakuStdN-W8.otf
otf-cjge-v	Identity-V	HiraKakuStdN-W8.otf
otf-cjmgr-h	Identity-H	HiraMaruProN-W4.otf
otf-cjmgr-v	Identity-V	HiraMaruProN-W4.otf

% Unicode 90JIS
otf-ujml-h	UniJIS-UTF16-H	HiraMinProN-W2.otf
otf-ujml-v	UniJIS-UTF16-V	HiraMinProN-W2.otf
otf-ujmr-h	UniJIS-UTF16-H	HiraMinProN-W3.otf
otf-ujmr-v	UniJIS-UTF16-V	HiraMinProN-W3.otf
otf-ujmb-h	UniJIS-UTF16-H	HiraMinProN-W6.otf
otf-ujmb-v	UniJIS-UTF16-V	HiraMinProN-W6.otf
otf-ujgr-h	UniJIS-UTF16-H	HiraKakuProN-W3.otf
otf-ujgr-v	UniJIS-UTF16-V	HiraKakuProN-W3.otf
otf-ujgb-h	UniJIS-UTF16-H	HiraKakuProN-W6.otf
otf-ujgb-v	UniJIS-UTF16-V	HiraKakuProN-W6.otf
otf-ujge-h	UniJIS-UTF16-H	HiraKakuStdN-W8.otf
otf-ujge-v	UniJIS-UTF16-V	HiraKakuStdN-W8.otf
otf-ujmgr-h	UniJIS-UTF16-H	HiraMaruProN-W4.otf
otf-ujmgr-v	UniJIS-UTF16-V	HiraMaruProN-W4.otf

% Unicode JIS04
otf-ujmln-h	UniJIS2004-UTF16-H	HiraMinProN-W2.otf
otf-ujmln-v	UniJIS2004-UTF16-V	HiraMinProN-W2.otf
otf-ujmrn-h	UniJIS2004-UTF16-H	HiraMinProN-W3.otf
otf-ujmrn-v	UniJIS2004-UTF16-V	HiraMinProN-W3.otf
otf-ujmbn-h	UniJIS2004-UTF16-H	HiraMinProN-W6.otf
otf-ujmbn-v	UniJIS2004-UTF16-V	HiraMinProN-W6.otf
otf-ujgrn-h	UniJIS2004-UTF16-H	HiraKakuProN-W3.otf
otf-ujgrn-v	UniJIS2004-UTF16-V	HiraKakuProN-W3.otf
otf-ujgbn-h	UniJIS2004-UTF16-H	HiraKakuProN-W6.otf
otf-ujgbn-v	UniJIS2004-UTF16-V	HiraKakuProN-W6.otf
otf-ujgen-h	UniJIS2004-UTF16-H	HiraKakuStdN-W8.otf
otf-ujgen-v	UniJIS2004-UTF16-V	HiraKakuStdN-W8.otf
otf-ujmgrn-h	UniJIS2004-UTF16-H	HiraMaruProN-W4.otf
otf-ujmgrn-v	UniJIS2004-UTF16-V	HiraMaruProN-W4.otf

% hiraprop
hiramin-w3-h Identity-H HiraMinProN-W3
hiramin-w6-h Identity-H HiraMinProN-W6
hirakaku-w3-h Identity-H HiraKakuProN-W3
hirakaku-w6-h Identity-H HiraKakuProN-W6
hiramaru-w4-h Identity-H HiraMaruProN-W4
hiramin-w3-v Identity-V HiraMinProN-W3
hiramin-w6-v Identity-V HiraMinProN-W6
hirakaku-w3-v Identity-V HiraKakuProN-W3
hirakaku-w6-v Identity-V HiraKakuProN-W6
hiramaru-w4-v Identity-V HiraMaruProN-W4
