
% TEXT, 90JIS
uphminl-h	UniJIS-UTF16-H	!Ryumin-Light
uphminl-v	UniJIS-UTF16-V	!Ryumin-Light
uphminr-h	UniJIS-UTF16-H	!Ryumin-Light
uphminr-v	UniJIS-UTF16-V	!Ryumin-Light
uphminb-h	UniJIS-UTF16-H	!Ryumin-Light,Bold
uphminb-v	UniJIS-UTF16-V	!Ryumin-Light,Bold
uphgothr-h	UniJIS-UTF16-H	!GothicBBB-Medium
uphgothr-v	UniJIS-UTF16-V	!GothicBBB-Medium
uphgothb-h	UniJIS-UTF16-H	!GothicBBB-Medium,Bold
uphgothb-v	UniJIS-UTF16-V	!GothicBBB-Medium,Bold
uphgotheb-h	UniJIS-UTF16-H	!GothicBBB-Medium,Bold
uphgotheb-v	UniJIS-UTF16-V	!GothicBBB-Medium,Bold
uphmgothr-h	UniJIS-UTF16-H	!GothicBBB-Medium
uphmgothr-v	UniJIS-UTF16-V	!GothicBBB-Medium

% TEXT, JIS04
uphminln-h	UniJIS2004-UTF16-H	!Ryumin-Light
uphminln-v	UniJIS2004-UTF16-V	!Ryumin-Light
uphminrn-h	UniJIS2004-UTF16-H	!Ryumin-Light
uphminrn-v	UniJIS2004-UTF16-V	!Ryumin-Light
uphminbn-h	UniJIS2004-UTF16-H	!Ryumin-Light,Bold
uphminbn-v	UniJIS2004-UTF16-V	!Ryumin-Light,Bold
uphgothrn-h	UniJIS2004-UTF16-H	!GothicBBB-Medium
uphgothrn-v	UniJIS2004-UTF16-V	!GothicBBB-Medium
uphgothbn-h	UniJIS2004-UTF16-H	!GothicBBB-Medium,Bold
uphgothbn-v	UniJIS2004-UTF16-V	!GothicBBB-Medium,Bold
uphgothebn-h	UniJIS2004-UTF16-H	!GothicBBB-Medium,Bold
uphgothebn-v	UniJIS2004-UTF16-V	!GothicBBB-Medium,Bold
uphmgothrn-h	UniJIS2004-UTF16-H	!GothicBBB-Medium
uphmgothrn-v	UniJIS2004-UTF16-V	!GothicBBB-Medium
