
% TEXT, 90JIS
uphminl-h	UniJIS-UTF16-H	ipam.ttf %!PS IPAMincho
uphminl-v	UniJIS-UTF16-V	ipam.ttf %!PS IPAMincho
uphminr-h	UniJIS-UTF16-H	ipam.ttf %!PS IPAMincho
uphminr-v	UniJIS-UTF16-V	ipam.ttf %!PS IPAMincho
uphminb-h	UniJIS-UTF16-H	ipam.ttf %!PS IPAMincho
uphminb-v	UniJIS-UTF16-V	ipam.ttf %!PS IPAMincho
uphgothr-h	UniJIS-UTF16-H	ipag.ttf %!PS IPAGothic
uphgothr-v	UniJIS-UTF16-V	ipag.ttf %!PS IPAGothic
uphgothb-h	UniJIS-UTF16-H	ipag.ttf %!PS IPAGothic
uphgothb-v	UniJIS-UTF16-V	ipag.ttf %!PS IPAGothic
uphgotheb-h	UniJIS-UTF16-H	ipag.ttf %!PS IPAGothic
uphgotheb-v	UniJIS-UTF16-V	ipag.ttf %!PS IPAGothic
uphmgothr-h	UniJIS-UTF16-H	ipag.ttf %!PS IPAGothic
uphmgothr-v	UniJIS-UTF16-V	ipag.ttf %!PS IPAGothic

% TEXT, JIS04
uphminln-h	UniJIS2004-UTF16-H	ipam.ttf %!PS IPAMincho
uphminln-v	UniJIS2004-UTF16-V	ipam.ttf %!PS IPAMincho
uphminrn-h	UniJIS2004-UTF16-H	ipam.ttf %!PS IPAMincho
uphminrn-v	UniJIS2004-UTF16-V	ipam.ttf %!PS IPAMincho
uphminbn-h	UniJIS2004-UTF16-H	ipam.ttf %!PS IPAMincho
uphminbn-v	UniJIS2004-UTF16-V	ipam.ttf %!PS IPAMincho
uphgothrn-h	UniJIS2004-UTF16-H	ipag.ttf %!PS IPAGothic
uphgothrn-v	UniJIS2004-UTF16-V	ipag.ttf %!PS IPAGothic
uphgothbn-h	UniJIS2004-UTF16-H	ipag.ttf %!PS IPAGothic
uphgothbn-v	UniJIS2004-UTF16-V	ipag.ttf %!PS IPAGothic
uphgothebn-h	UniJIS2004-UTF16-H	ipag.ttf %!PS IPAGothic
uphgothebn-v	UniJIS2004-UTF16-V	ipag.ttf %!PS IPAGothic
uphmgothrn-h	UniJIS2004-UTF16-H	ipag.ttf %!PS IPAGothic
uphmgothrn-v	UniJIS2004-UTF16-V	ipag.ttf %!PS IPAGothic
