
% TEXT, 90JIS
hminl-h	H	ipam.ttf %!PS IPAMincho
hminl-v	V	ipam.ttf %!PS IPAMincho
hminr-h	H	ipam.ttf %!PS IPAMincho
hminr-v	V	ipam.ttf %!PS IPAMincho
hminb-h	H	ipam.ttf %!PS IPAMincho
hminb-v	V	ipam.ttf %!PS IPAMincho
hgothr-h	H	ipag.ttf %!PS IPAGothic
hgothr-v	V	ipag.ttf %!PS IPAGothic
hgothb-h	H	ipag.ttf %!PS IPAGothic
hgothb-v	V	ipag.ttf %!PS IPAGothic
hgotheb-h	H	ipag.ttf %!PS IPAGothic
hgotheb-v	V	ipag.ttf %!PS IPAGothic
hmgothr-h	H	ipag.ttf %!PS IPAGothic
hmgothr-v	V	ipag.ttf %!PS IPAGothic

% TEXT, JIS04
hminln-h	H	ipam.ttf %!PS IPAMincho
hminln-v	V	ipam.ttf %!PS IPAMincho
hminrn-h	H	ipam.ttf %!PS IPAMincho
hminrn-v	V	ipam.ttf %!PS IPAMincho
hminbn-h	H	ipam.ttf %!PS IPAMincho
hminbn-v	V	ipam.ttf %!PS IPAMincho
hgothrn-h	H	ipag.ttf %!PS IPAGothic
hgothrn-v	V	ipag.ttf %!PS IPAGothic
hgothbn-h	H	ipag.ttf %!PS IPAGothic
hgothbn-v	V	ipag.ttf %!PS IPAGothic
hgothebn-h	H	ipag.ttf %!PS IPAGothic
hgothebn-v	V	ipag.ttf %!PS IPAGothic
hmgothrn-h	H	ipag.ttf %!PS IPAGothic
hmgothrn-v	V	ipag.ttf %!PS IPAGothic

% CID
otf-cjml-h	Identity-H	ipam.ttf/AJ16 %!PS IPAMincho
otf-cjml-v	Identity-V	ipam.ttf/AJ16 %!PS IPAMincho
otf-cjmr-h	Identity-H	ipam.ttf/AJ16 %!PS IPAMincho
otf-cjmr-v	Identity-V	ipam.ttf/AJ16 %!PS IPAMincho
otf-cjmb-h	Identity-H	ipam.ttf/AJ16 %!PS IPAMincho
otf-cjmb-v	Identity-V	ipam.ttf/AJ16 %!PS IPAMincho
otf-cjgr-h	Identity-H	ipag.ttf/AJ16 %!PS IPAGothic
otf-cjgr-v	Identity-V	ipag.ttf/AJ16 %!PS IPAGothic
otf-cjgb-h	Identity-H	ipag.ttf/AJ16 %!PS IPAGothic
otf-cjgb-v	Identity-V	ipag.ttf/AJ16 %!PS IPAGothic
otf-cjge-h	Identity-H	ipag.ttf/AJ16 %!PS IPAGothic
otf-cjge-v	Identity-V	ipag.ttf/AJ16 %!PS IPAGothic
otf-cjmgr-h	Identity-H	ipag.ttf/AJ16 %!PS IPAGothic
otf-cjmgr-v	Identity-V	ipag.ttf/AJ16 %!PS IPAGothic

% Unicode 90JIS
otf-ujml-h	UniJIS-UTF16-H	ipam.ttf %!PS IPAMincho
otf-ujml-v	UniJIS-UTF16-V	ipam.ttf %!PS IPAMincho
otf-ujmr-h	UniJIS-UTF16-H	ipam.ttf %!PS IPAMincho
otf-ujmr-v	UniJIS-UTF16-V	ipam.ttf %!PS IPAMincho
otf-ujmb-h	UniJIS-UTF16-H	ipam.ttf %!PS IPAMincho
otf-ujmb-v	UniJIS-UTF16-V	ipam.ttf %!PS IPAMincho
otf-ujgr-h	UniJIS-UTF16-H	ipag.ttf %!PS IPAGothic
otf-ujgr-v	UniJIS-UTF16-V	ipag.ttf %!PS IPAGothic
otf-ujgb-h	UniJIS-UTF16-H	ipag.ttf %!PS IPAGothic
otf-ujgb-v	UniJIS-UTF16-V	ipag.ttf %!PS IPAGothic
otf-ujge-h	UniJIS-UTF16-H	ipag.ttf %!PS IPAGothic
otf-ujge-v	UniJIS-UTF16-V	ipag.ttf %!PS IPAGothic
otf-ujmgr-h	UniJIS-UTF16-H	ipag.ttf %!PS IPAGothic
otf-ujmgr-v	UniJIS-UTF16-V	ipag.ttf %!PS IPAGothic

% Unicode JIS04
otf-ujmln-h	UniJIS2004-UTF16-H	ipam.ttf %!PS IPAMincho
otf-ujmln-v	UniJIS2004-UTF16-V	ipam.ttf %!PS IPAMincho
otf-ujmrn-h	UniJIS2004-UTF16-H	ipam.ttf %!PS IPAMincho
otf-ujmrn-v	UniJIS2004-UTF16-V	ipam.ttf %!PS IPAMincho
otf-ujmbn-h	UniJIS2004-UTF16-H	ipam.ttf %!PS IPAMincho
otf-ujmbn-v	UniJIS2004-UTF16-V	ipam.ttf %!PS IPAMincho
otf-ujgrn-h	UniJIS2004-UTF16-H	ipag.ttf %!PS IPAGothic
otf-ujgrn-v	UniJIS2004-UTF16-V	ipag.ttf %!PS IPAGothic
otf-ujgbn-h	UniJIS2004-UTF16-H	ipag.ttf %!PS IPAGothic
otf-ujgbn-v	UniJIS2004-UTF16-V	ipag.ttf %!PS IPAGothic
otf-ujgen-h	UniJIS2004-UTF16-H	ipag.ttf %!PS IPAGothic
otf-ujgen-v	UniJIS2004-UTF16-V	ipag.ttf %!PS IPAGothic
otf-ujmgrn-h	UniJIS2004-UTF16-H	ipag.ttf %!PS IPAGothic
otf-ujmgrn-v	UniJIS2004-UTF16-V	ipag.ttf %!PS IPAGothic
