
% TEXT, 90JIS
hminl-h	H	YuMincho-Medium.otf %!PS YuMin-Medium
hminl-v	V	YuMincho-Medium.otf %!PS YuMin-Medium
hminr-h	H	YuMincho-Medium.otf %!PS YuMin-Medium
hminr-v	V	YuMincho-Medium.otf %!PS YuMin-Medium
hminb-h	H	YuMincho-Demibold.otf %!PS YuMin-DemiBold
hminb-v	V	YuMincho-Demibold.otf %!PS YuMin-DemiBold
hgothr-h	H	YuGothic-Medium.otf %!PS YuGo-Medium
hgothr-v	V	YuGothic-Medium.otf %!PS YuGo-Medium
hgothb-h	H	YuGothic-Bold.otf %!PS YuGo-Bold
hgothb-v	V	YuGothic-Bold.otf %!PS YuGo-Bold
hgotheb-h	H	YuGothic-Bold.otf %!PS YuGo-Bold
hgotheb-v	V	YuGothic-Bold.otf %!PS YuGo-Bold
hmgothr-h	H	YuGothic-Bold.otf %!PS YuGo-Bold
hmgothr-v	V	YuGothic-Bold.otf %!PS YuGo-Bold

% TEXT, JIS04
hminln-h	H	YuMincho-Medium.otf %!PS YuMin-Medium
hminln-v	V	YuMincho-Medium.otf %!PS YuMin-Medium
hminrn-h	H	YuMincho-Medium.otf %!PS YuMin-Medium
hminrn-v	V	YuMincho-Medium.otf %!PS YuMin-Medium
hminbn-h	H	YuMincho-Demibold.otf %!PS YuMin-DemiBold
hminbn-v	V	YuMincho-Demibold.otf %!PS YuMin-DemiBold
hgothrn-h	H	YuGothic-Medium.otf %!PS YuGo-Medium
hgothrn-v	V	YuGothic-Medium.otf %!PS YuGo-Medium
hgothbn-h	H	YuGothic-Bold.otf %!PS YuGo-Bold
hgothbn-v	V	YuGothic-Bold.otf %!PS YuGo-Bold
hgothebn-h	H	YuGothic-Bold.otf %!PS YuGo-Bold
hgothebn-v	V	YuGothic-Bold.otf %!PS YuGo-Bold
hmgothrn-h	H	YuGothic-Bold.otf %!PS YuGo-Bold
hmgothrn-v	V	YuGothic-Bold.otf %!PS YuGo-Bold

% CID
otf-cjml-h	Identity-H	YuMincho-Medium.otf %!PS YuMin-Medium
otf-cjml-v	Identity-V	YuMincho-Medium.otf %!PS YuMin-Medium
otf-cjmr-h	Identity-H	YuMincho-Medium.otf %!PS YuMin-Medium
otf-cjmr-v	Identity-V	YuMincho-Medium.otf %!PS YuMin-Medium
otf-cjmb-h	Identity-H	YuMincho-Demibold.otf %!PS YuMin-DemiBold
otf-cjmb-v	Identity-V	YuMincho-Demibold.otf %!PS YuMin-DemiBold
otf-cjgr-h	Identity-H	YuGothic-Medium.otf %!PS YuGo-Medium
otf-cjgr-v	Identity-V	YuGothic-Medium.otf %!PS YuGo-Medium
otf-cjgb-h	Identity-H	YuGothic-Bold.otf %!PS YuGo-Bold
otf-cjgb-v	Identity-V	YuGothic-Bold.otf %!PS YuGo-Bold
otf-cjge-h	Identity-H	YuGothic-Bold.otf %!PS YuGo-Bold
otf-cjge-v	Identity-V	YuGothic-Bold.otf %!PS YuGo-Bold
otf-cjmgr-h	Identity-H	YuGothic-Bold.otf %!PS YuGo-Bold
otf-cjmgr-v	Identity-V	YuGothic-Bold.otf %!PS YuGo-Bold

% Unicode 90JIS
otf-ujml-h	UniJIS-UTF16-H	YuMincho-Medium.otf %!PS YuMin-Medium
otf-ujml-v	UniJIS-UTF16-V	YuMincho-Medium.otf %!PS YuMin-Medium
otf-ujmr-h	UniJIS-UTF16-H	YuMincho-Medium.otf %!PS YuMin-Medium
otf-ujmr-v	UniJIS-UTF16-V	YuMincho-Medium.otf %!PS YuMin-Medium
otf-ujmb-h	UniJIS-UTF16-H	YuMincho-Demibold.otf %!PS YuMin-DemiBold
otf-ujmb-v	UniJIS-UTF16-V	YuMincho-Demibold.otf %!PS YuMin-DemiBold
otf-ujgr-h	UniJIS-UTF16-H	YuGothic-Medium.otf %!PS YuGo-Medium
otf-ujgr-v	UniJIS-UTF16-V	YuGothic-Medium.otf %!PS YuGo-Medium
otf-ujgb-h	UniJIS-UTF16-H	YuGothic-Bold.otf %!PS YuGo-Bold
otf-ujgb-v	UniJIS-UTF16-V	YuGothic-Bold.otf %!PS YuGo-Bold
otf-ujge-h	UniJIS-UTF16-H	YuGothic-Bold.otf %!PS YuGo-Bold
otf-ujge-v	UniJIS-UTF16-V	YuGothic-Bold.otf %!PS YuGo-Bold
otf-ujmgr-h	UniJIS-UTF16-H	YuGothic-Bold.otf %!PS YuGo-Bold
otf-ujmgr-v	UniJIS-UTF16-V	YuGothic-Bold.otf %!PS YuGo-Bold

% Unicode JIS04
otf-ujmln-h	UniJIS2004-UTF16-H	YuMincho-Medium.otf %!PS YuMin-Medium
otf-ujmln-v	UniJIS2004-UTF16-V	YuMincho-Medium.otf %!PS YuMin-Medium
otf-ujmrn-h	UniJIS2004-UTF16-H	YuMincho-Medium.otf %!PS YuMin-Medium
otf-ujmrn-v	UniJIS2004-UTF16-V	YuMincho-Medium.otf %!PS YuMin-Medium
otf-ujmbn-h	UniJIS2004-UTF16-H	YuMincho-Demibold.otf %!PS YuMin-DemiBold
otf-ujmbn-v	UniJIS2004-UTF16-V	YuMincho-Demibold.otf %!PS YuMin-DemiBold
otf-ujgrn-h	UniJIS2004-UTF16-H	YuGothic-Medium.otf %!PS YuGo-Medium
otf-ujgrn-v	UniJIS2004-UTF16-V	YuGothic-Medium.otf %!PS YuGo-Medium
otf-ujgbn-h	UniJIS2004-UTF16-H	YuGothic-Bold.otf %!PS YuGo-Bold
otf-ujgbn-v	UniJIS2004-UTF16-V	YuGothic-Bold.otf %!PS YuGo-Bold
otf-ujgen-h	UniJIS2004-UTF16-H	YuGothic-Bold.otf %!PS YuGo-Bold
otf-ujgen-v	UniJIS2004-UTF16-V	YuGothic-Bold.otf %!PS YuGo-Bold
otf-ujmgrn-h	UniJIS2004-UTF16-H	YuGothic-Bold.otf %!PS YuGo-Bold
otf-ujmgrn-v	UniJIS2004-UTF16-V	YuGothic-Bold.otf %!PS YuGo-Bold
