
%TEXT, 90JIS
hminl-h	H	!Ryumin-Light
hminl-v	V	!Ryumin-Light
hminr-h	H	!Ryumin-Light
hminr-v	V	!Ryumin-Light
hminb-h	H	!Ryumin-Light,Bold
hminb-v	V	!Ryumin-Light,Bold
hgothr-h	H	!GothicBBB-Medium
hgothr-v	V	!GothicBBB-Medium
hgothb-h	H	!GothicBBB-Medium,Bold
hgothb-v	V	!GothicBBB-Medium,Bold
hgotheb-h	H	!GothicBBB-Medium,Bold
hgotheb-v	V	!GothicBBB-Medium,Bold
hmgothr-h	H	!GothicBBB-Medium
hmgothr-v	V	!GothicBBB-Medium

% TEXT, JIS04
%   (Using H/V instead of JISX0213-2004-* does not cause any problem.)

hminln-h	JISX0213-2004-H	!Ryumin-Light
hminln-v	JISX0213-2004-V	!Ryumin-Light
hminrn-h	JISX0213-2004-H	!Ryumin-Light
hminrn-v	JISX0213-2004-V	!Ryumin-Light
hminbn-h	JISX0213-2004-H	!Ryumin-Light,Bold
hminbn-v	JISX0213-2004-V	!Ryumin-Light,Bold
hgothrn-h	JISX0213-2004-H	!GothicBBB-Medium
hgothrn-v	JISX0213-2004-V	!GothicBBB-Medium
hgothbn-h	JISX0213-2004-H	!GothicBBB-Medium,Bold
hgothbn-v	JISX0213-2004-V	!GothicBBB-Medium,Bold
hmgothrn-h	JISX0213-2004-H	!GothicBBB-Medium
hmgothrn-v	JISX0213-2004-V	!GothicBBB-Medium

% CID
otf-cjml-h	Identity-H	!Ryumin-Light
otf-cjml-v	Identity-V	!Ryumin-Light
otf-cjmr-h	Identity-H	!Ryumin-Light
otf-cjmr-v	Identity-V	!Ryumin-Light
otf-cjmb-h	Identity-H	!Ryumin-Light,Bold
otf-cjmb-v	Identity-V	!Ryumin-Light,Bold
otf-cjgr-h	Identity-H	!GothicBBB-Medium
otf-cjgr-v	Identity-V	!GothicBBB-Medium
otf-cjgb-h	Identity-H	!GothicBBB-Medium,Bold
otf-cjgb-v	Identity-V	!GothicBBB-Medium,Bold
otf-cjmgr-h	Identity-H	!GothicBBB-Medium
otf-cjmgr-v	Identity-V	!GothicBBB-Medium

% Unicode 90JIS
otf-ujml-h	UniJIS-UTF16-H	!Ryumin-Light
otf-ujml-v	UniJIS-UTF16-V	!Ryumin-Light
otf-ujmr-h	UniJIS-UTF16-H	!Ryumin-Light
otf-ujmr-v	UniJIS-UTF16-V	!Ryumin-Light
otf-ujmb-h	UniJIS-UTF16-H	!Ryumin-Light,Bold
otf-ujmb-v	UniJIS-UTF16-V	!Ryumin-Light,Bold
otf-ujgr-h	UniJIS-UTF16-H	!GothicBBB-Medium
otf-ujgr-v	UniJIS-UTF16-V	!GothicBBB-Medium
otf-ujgb-h	UniJIS-UTF16-H	!GothicBBB-Medium,Bold
otf-ujgb-v	UniJIS-UTF16-V	!GothicBBB-Medium,Bold
otf-ujmgr-h	UniJIS-UTF16-H	!GothicBBB-Medium
otf-ujmgr-v	UniJIS-UTF16-V	!GothicBBB-Medium

% Unicode JIS04
otf-ujmln-h	UniJIS2004-UTF16-H	!Ryumin-Light
otf-ujmln-v	UniJIS2004-UTF16-V	!Ryumin-Light
otf-ujmrn-h	UniJIS2004-UTF16-H	!Ryumin-Light
otf-ujmrn-v	UniJIS2004-UTF16-V	!Ryumin-Light
otf-ujmbn-h	UniJIS2004-UTF16-H	!Ryumin-Light,Bold
otf-ujmbn-v	UniJIS2004-UTF16-V	!Ryumin-Light,Bold
otf-ujgrn-h	UniJIS2004-UTF16-H	!GothicBBB-Medium
otf-ujgrn-v	UniJIS2004-UTF16-V	!GothicBBB-Medium
otf-ujgbn-h	UniJIS2004-UTF16-H	!GothicBBB-Medium,Bold
otf-ujgbn-v	UniJIS2004-UTF16-V	!GothicBBB-Medium,Bold
otf-ujmgrn-h	UniJIS2004-UTF16-H	!GothicBBB-Medium
otf-ujmgrn-v	UniJIS2004-UTF16-V	!GothicBBB-Medium
