
% TEXT, 90JIS
uphminl-h	UniJIS-UTF16-H	yuminl.ttf %!PS YuMincho-Light
uphminl-v	UniJIS-UTF16-V	yuminl.ttf %!PS YuMincho-Light
uphminr-h	UniJIS-UTF16-H	yumin.ttf %!PS YuMincho-Regular
uphminr-v	UniJIS-UTF16-V	yumin.ttf %!PS YuMincho-Regular
uphminb-h	UniJIS-UTF16-H	yumindb.ttf %!PS YuMincho-DemiBold
uphminb-v	UniJIS-UTF16-V	yumindb.ttf %!PS YuMincho-DemiBold
uphgothr-h	UniJIS-UTF16-H	:0:YuGothR.ttc %!PS YuGothic-Regular
uphgothr-v	UniJIS-UTF16-V	:0:YuGothR.ttc %!PS YuGothic-Regular
uphgothb-h	UniJIS-UTF16-H	:0:YuGothB.ttc %!PS YuGothic-Bold
uphgothb-v	UniJIS-UTF16-V	:0:YuGothB.ttc %!PS YuGothic-Bold
uphgotheb-h	UniJIS-UTF16-H	:0:YuGothB.ttc %!PS YuGothic-Bold
uphgotheb-v	UniJIS-UTF16-V	:0:YuGothB.ttc %!PS YuGothic-Bold
uphmgothr-h	UniJIS-UTF16-H	:0:YuGothB.ttc %!PS YuGothic-Bold
uphmgothr-v	UniJIS-UTF16-V	:0:YuGothB.ttc %!PS YuGothic-Bold

% TEXT, JIS04
uphminln-h	UniJIS2004-UTF16-H	yuminl.ttf %!PS YuMincho-Light
uphminln-v	UniJIS2004-UTF16-V	yuminl.ttf %!PS YuMincho-Light
uphminrn-h	UniJIS2004-UTF16-H	yumin.ttf %!PS YuMincho-Regular
uphminrn-v	UniJIS2004-UTF16-V	yumin.ttf %!PS YuMincho-Regular
uphminbn-h	UniJIS2004-UTF16-H	yumindb.ttf %!PS YuMincho-DemiBold
uphminbn-v	UniJIS2004-UTF16-V	yumindb.ttf %!PS YuMincho-DemiBold
uphgothrn-h	UniJIS2004-UTF16-H	:0:YuGothR.ttc %!PS YuGothic-Regular
uphgothrn-v	UniJIS2004-UTF16-V	:0:YuGothR.ttc %!PS YuGothic-Regular
uphgothbn-h	UniJIS2004-UTF16-H	:0:YuGothB.ttc %!PS YuGothic-Bold
uphgothbn-v	UniJIS2004-UTF16-V	:0:YuGothB.ttc %!PS YuGothic-Bold
uphgothebn-h	UniJIS2004-UTF16-H	:0:YuGothB.ttc %!PS YuGothic-Bold
uphgothebn-v	UniJIS2004-UTF16-V	:0:YuGothB.ttc %!PS YuGothic-Bold
uphmgothrn-h	UniJIS2004-UTF16-H	:0:YuGothB.ttc %!PS YuGothic-Bold
uphmgothrn-v	UniJIS2004-UTF16-V	:0:YuGothB.ttc %!PS YuGothic-Bold
