
%TEXT, 90JIS
hminl-h	H	ipaexm
hminl-v	V	ipaexm
hminr-h	H	ipaexm
hminr-v	V	ipaexm
hminb-h	H	ipaexm
hminb-v	V	ipaexm
hgothr-h	H	ipaexg
hgothr-v	V	ipaexg
hgothb-h	H	ipaexg
hgothb-v	V	ipaexg
hgotheb-h	H	ipaexg
hgotheb-v	V	ipaexg
hmgothr-h	H	ipaexg
hmgothr-v	V	ipaexg

% TEXT, JIS04
%   (Using H/V instead of JISX0213-2004-* does not cause any problem.)

hminln-h	JISX0213-2004-H	ipaexm
hminln-v	JISX0213-2004-V	ipaexm
hminrn-h	JISX0213-2004-H	ipaexm
hminrn-v	JISX0213-2004-V	ipaexm
hminbn-h	JISX0213-2004-H	ipaexm
hminbn-v	JISX0213-2004-V	ipaexm
hgothrn-h	JISX0213-2004-H	ipaexg
hgothrn-v	JISX0213-2004-V	ipaexg
hgothbn-h	JISX0213-2004-H	ipaexg
hgothbn-v	JISX0213-2004-V	ipaexg
hmgothrn-h	JISX0213-2004-H	ipaexg
hmgothrn-v	JISX0213-2004-V	ipaexg

% CID
otf-cjml-h	Identity-H	ipaexm/AJ16
otf-cjml-v	Identity-V	ipaexm/AJ16
otf-cjmr-h	Identity-H	ipaexm/AJ16
otf-cjmr-v	Identity-V	ipaexm/AJ16
otf-cjmb-h	Identity-H	ipaexm/AJ16
otf-cjmb-v	Identity-V	ipaexm/AJ16
otf-cjgr-h	Identity-H	ipaexg/AJ16
otf-cjgr-v	Identity-V	ipaexg/AJ16
otf-cjgb-h	Identity-H	ipaexg/AJ16
otf-cjgb-v	Identity-V	ipaexg/AJ16
otf-cjmgr-h	Identity-H	ipaexg/AJ16
otf-cjmgr-v	Identity-V	ipaexg/AJ16

% Unicode 90JIS
otf-ujml-h	UniJIS-UTF16-H	ipaexm
otf-ujml-v	UniJIS-UTF16-V	ipaexm
otf-ujmr-h	UniJIS-UTF16-H	ipaexm
otf-ujmr-v	UniJIS-UTF16-V	ipaexm
otf-ujmb-h	UniJIS-UTF16-H	ipaexm
otf-ujmb-v	UniJIS-UTF16-V	ipaexm
otf-ujgr-h	UniJIS-UTF16-H	ipaexg
otf-ujgr-v	UniJIS-UTF16-V	ipaexg
otf-ujgb-h	UniJIS-UTF16-H	ipaexg
otf-ujgb-v	UniJIS-UTF16-V	ipaexg
otf-ujmgr-h	UniJIS-UTF16-H	ipaexg
otf-ujmgr-v	UniJIS-UTF16-V	ipaexg

% Unicode JIS04
otf-ujmln-h	UniJIS2004-UTF16-H	ipaexm
otf-ujmln-v	UniJIS2004-UTF16-V	ipaexm
otf-ujmrn-h	UniJIS2004-UTF16-H	ipaexm
otf-ujmrn-v	UniJIS2004-UTF16-V	ipaexm
otf-ujmbn-h	UniJIS2004-UTF16-H	ipaexm
otf-ujmbn-v	UniJIS2004-UTF16-V	ipaexm
otf-ujgrn-h	UniJIS2004-UTF16-H	ipaexg
otf-ujgrn-v	UniJIS2004-UTF16-V	ipaexg
otf-ujgbn-h	UniJIS2004-UTF16-H	ipaexg
otf-ujgbn-v	UniJIS2004-UTF16-V	ipaexg
otf-ujmgrn-h	UniJIS2004-UTF16-H	ipaexg
otf-ujmgrn-v	UniJIS2004-UTF16-V	ipaexg
