
%TEXT, 90JIS
hminl-h	H	KozMinPr6N-Light
hminl-v	V	KozMinPr6N-Light
hminr-h	H	KozMinPr6N-Regular
hminr-v	V	KozMinPr6N-Regular
hminb-h	H	KozMinPr6N-Bold
hminb-v	V	KozMinPr6N-Bold
hgothr-h	H	KozGoPr6N-Regular
hgothr-v	V	KozGoPr6N-Regular
hgothb-h	H	KozGoPr6N-Bold
hgothb-v	V	KozGoPr6N-Bold
hgotheb-h	H	KozGoPr6N-Heavy
hgotheb-v	V	KozGoPr6N-Heavy
hmgothr-h	H	KozGoPr6N-Heavy
hmgothr-v	V	KozGoPr6N-Heavy

%TEXT, JIS04
hminln-h	JISX0213-2004-H	KozMinPr6N-Light
hminln-v	JISX0213-2004-V	KozMinPr6N-Light
hminrn-h	JISX0213-2004-H	KozMinPr6N-Regular
hminrn-v	JISX0213-2004-V	KozMinPr6N-Regular
hminbn-h	JISX0213-2004-H	KozMinPr6N-Bold
hminbn-v	JISX0213-2004-V	KozMinPr6N-Bold
hgothrn-h	JISX0213-2004-H	KozGoPr6N-Regular
hgothrn-v	JISX0213-2004-V	KozGoPr6N-Regular
hgothbn-h	JISX0213-2004-H	KozGoPr6N-Bold
hgothbn-v	JISX0213-2004-V	KozGoPr6N-Bold
hmgothrn-h	JISX0213-2004-H	KozGoPr6N-Heavy
hmgothrn-v	JISX0213-2004-V	KozGoPr6N-Heavy

%CID
otf-cjml-h	Identity-H	KozMinPr6N-Light
otf-cjml-v	Identity-V	KozMinPr6N-Light
otf-cjmr-h	Identity-H	KozMinPr6N-Regular
otf-cjmr-v	Identity-V	KozMinPr6N-Regular
otf-cjmb-h	Identity-H	KozMinPr6N-Bold
otf-cjmb-v	Identity-V	KozMinPr6N-Bold
otf-cjgr-h	Identity-H	KozGoPr6N-Regular
otf-cjgr-v	Identity-V	KozGoPr6N-Regular
otf-cjgb-h	Identity-H	KozGoPr6N-Bold
otf-cjgb-v	Identity-V	KozGoPr6N-Bold
otf-cjmgr-h	Identity-H	KozGoPr6N-Heavy
otf-cjmgr-v	Identity-V	KozGoPr6N-Heavy

%Unicode 90JIS
otf-ujml-h	UniJIS-UTF16-H	KozMinPr6N-Light
otf-ujml-v	UniJIS-UTF16-V	KozMinPr6N-Light
otf-ujmr-h	UniJIS-UTF16-H	KozMinPr6N-Regular
otf-ujmr-v	UniJIS-UTF16-V	KozMinPr6N-Regular
otf-ujmb-h	UniJIS-UTF16-H	KozMinPr6N-Bold
otf-ujmb-v	UniJIS-UTF16-V	KozMinPr6N-Bold
otf-ujgr-h	UniJIS-UTF16-H	KozGoPr6N-Regular
otf-ujgr-v	UniJIS-UTF16-V	KozGoPr6N-Regular
otf-ujgb-h	UniJIS-UTF16-H	KozGoPr6N-Bold
otf-ujgb-v	UniJIS-UTF16-V	KozGoPr6N-Bold
otf-ujmgr-h	UniJIS-UTF16-H	KozGoPr6N-Heavy
otf-ujmgr-v	UniJIS-UTF16-V	KozGoPr6N-Heavy

%Unicode JIS04
otf-ujmln-h	UniJIS2004-UTF16-H	KozMinPr6N-Light
otf-ujmln-v	UniJIS2004-UTF16-V	KozMinPr6N-Light
otf-ujmrn-h	UniJIS2004-UTF16-H	KozMinPr6N-Regular
otf-ujmrn-v	UniJIS2004-UTF16-V	KozMinPr6N-Regular
otf-ujmbn-h	UniJIS2004-UTF16-H	KozMinPr6N-Bold
otf-ujmbn-v	UniJIS2004-UTF16-V	KozMinPr6N-Bold
otf-ujgrn-h	UniJIS2004-UTF16-H	KozGoPr6N-Regular
otf-ujgrn-v	UniJIS2004-UTF16-V	KozGoPr6N-Regular
otf-ujgbn-h	UniJIS2004-UTF16-H	KozGoPr6N-Bold
otf-ujgbn-v	UniJIS2004-UTF16-V	KozGoPr6N-Bold
otf-ujmgrn-h	UniJIS2004-UTF16-H	KozGoPr6N-Heavy
otf-ujmgrn-v	UniJIS2004-UTF16-V	KozGoPr6N-Heavy
