
%TEXT, 90JIS
uphminl-h	UniJIS-UTF16-H	KozMinPr6N-Light
uphminl-v	UniJIS-UTF16-V	KozMinPr6N-Light
uphminr-h	UniJIS-UTF16-H	KozMinPr6N-Regular
uphminr-v	UniJIS-UTF16-V	KozMinPr6N-Regular
uphminb-h	UniJIS-UTF16-H	KozMinPr6N-Bold
uphminb-v	UniJIS-UTF16-V	KozMinPr6N-Bold
uphgothr-h	UniJIS-UTF16-H	KozGoPr6N-Regular
uphgothr-v	UniJIS-UTF16-V	KozGoPr6N-Regular
uphgothb-h	UniJIS-UTF16-H	KozGoPr6N-Bold
uphgothb-v	UniJIS-UTF16-V	KozGoPr6N-Bold
uphgotheb-h	UniJIS-UTF16-H	KozGoPr6N-Heavy
uphgotheb-v	UniJIS-UTF16-V	KozGoPr6N-Heavy
uphmgothr-h	UniJIS-UTF16-H	KozGoPr6N-Heavy
uphmgothr-v	UniJIS-UTF16-V	KozGoPr6N-Heavy

%TEXT, JIS04 (not yet)
uphminln-h	UniJIS2004-UTF16-H	KozMinPr6N-Light
uphminln-v	UniJIS2004-UTF16-V	KozMinPr6N-Light
uphminrn-h	UniJIS2004-UTF16-H	KozMinPr6N-Regular
uphminrn-v	UniJIS2004-UTF16-V	KozMinPr6N-Regular
uphminbn-h	UniJIS2004-UTF16-H	KozMinPr6N-Bold
uphminbn-v	UniJIS2004-UTF16-V	KozMinPr6N-Bold
uphgothrn-h	UniJIS2004-UTF16-H	KozGoPr6N-Regular
uphgothrn-v	UniJIS2004-UTF16-V	KozGoPr6N-Regular
uphgothbn-h	UniJIS2004-UTF16-H	KozGoPr6N-Bold
uphgothbn-v	UniJIS2004-UTF16-V	KozGoPr6N-Bold
uphgothebn-h	UniJIS2004-UTF16-H	KozGoPr6N-Heavy
uphgothebn-v	UniJIS2004-UTF16-V	KozGoPr6N-Heavy
uphmgothrn-h	UniJIS2004-UTF16-H	KozGoPr6N-Heavy
uphmgothrn-v	UniJIS2004-UTF16-V	KozGoPr6N-Heavy
