
% TEXT, 90JIS
hminl-h	H	yuminl.ttf
hminl-v	V	yuminl.ttf
hminr-h	H	yumin.ttf
hminr-v	V	yumin.ttf
hminb-h	H	yumindb.ttf
hminb-v	V	yumindb.ttf
hgothr-h	H	yugothic.ttf
hgothr-v	V	yugothic.ttf
hgothb-h	H	yugothib.ttf
hgothb-v	V	yugothib.ttf
hgotheb-h	H	yugothib.ttf
hgotheb-v	V	yugothib.ttf
hmgothr-h	H	yugothib.ttf
hmgothr-v	V	yugothib.ttf

% TEXT, JIS04
hminln-h	H	yuminl.ttf
hminln-v	V	yuminl.ttf
hminrn-h	H	yumin.ttf
hminrn-v	V	yumin.ttf
hminbn-h	H	yumindb.ttf
hminbn-v	V	yumindb.ttf
hgothrn-h	H	yugothic.ttf
hgothrn-v	V	yugothic.ttf
hgothbn-h	H	yugothib.ttf
hgothbn-v	V	yugothib.ttf
hgothebn-h	H	yugothib.ttf
hgothebn-v	V	yugothib.ttf
hmgothrn-h	H	yugothib.ttf
hmgothrn-v	V	yugothib.ttf

% CID
otf-cjml-h	Identity-H	yuminl.ttf/AJ16
otf-cjml-v	Identity-V	yuminl.ttf/AJ16
otf-cjmr-h	Identity-H	yumin.ttf/AJ16
otf-cjmr-v	Identity-V	yumin.ttf/AJ16
otf-cjmb-h	Identity-H	yumindb.ttf/AJ16
otf-cjmb-v	Identity-V	yumindb.ttf/AJ16
otf-cjgr-h	Identity-H	yugothic.ttf/AJ16
otf-cjgr-v	Identity-V	yugothic.ttf/AJ16
otf-cjgb-h	Identity-H	yugothib.ttf/AJ16
otf-cjgb-v	Identity-V	yugothib.ttf/AJ16
otf-cjge-h	Identity-H	yugothib.ttf/AJ16
otf-cjge-v	Identity-V	yugothib.ttf/AJ16
otf-cjmgr-h	Identity-H	yugothib.ttf/AJ16
otf-cjmgr-v	Identity-V	yugothib.ttf/AJ16

% Unicode 90JIS
otf-ujml-h	UniJIS-UTF16-H	yuminl.ttf
otf-ujml-v	UniJIS-UTF16-V	yuminl.ttf
otf-ujmr-h	UniJIS-UTF16-H	yumin.ttf
otf-ujmr-v	UniJIS-UTF16-V	yumin.ttf
otf-ujmb-h	UniJIS-UTF16-H	yumindb.ttf
otf-ujmb-v	UniJIS-UTF16-V	yumindb.ttf
otf-ujgr-h	UniJIS-UTF16-H	yugothic.ttf
otf-ujgr-v	UniJIS-UTF16-V	yugothic.ttf
otf-ujgb-h	UniJIS-UTF16-H	yugothib.ttf
otf-ujgb-v	UniJIS-UTF16-V	yugothib.ttf
otf-ujge-h	UniJIS-UTF16-H	yugothib.ttf
otf-ujge-v	UniJIS-UTF16-V	yugothib.ttf
otf-ujmgr-h	UniJIS-UTF16-H	yugothib.ttf
otf-ujmgr-v	UniJIS-UTF16-V	yugothib.ttf

% Unicode JIS04
otf-ujmln-h	UniJIS2004-UTF16-H	yuminl.ttf
otf-ujmln-v	UniJIS2004-UTF16-V	yuminl.ttf
otf-ujmrn-h	UniJIS2004-UTF16-H	yumin.ttf
otf-ujmrn-v	UniJIS2004-UTF16-V	yumin.ttf
otf-ujmbn-h	UniJIS2004-UTF16-H	yumindb.ttf
otf-ujmbn-v	UniJIS2004-UTF16-V	yumindb.ttf
otf-ujgrn-h	UniJIS2004-UTF16-H	yugothic.ttf
otf-ujgrn-v	UniJIS2004-UTF16-V	yugothic.ttf
otf-ujgbn-h	UniJIS2004-UTF16-H	yugothib.ttf
otf-ujgbn-v	UniJIS2004-UTF16-V	yugothib.ttf
otf-ujgen-h	UniJIS2004-UTF16-H	yugothib.ttf
otf-ujgen-v	UniJIS2004-UTF16-V	yugothib.ttf
otf-ujmgrn-h	UniJIS2004-UTF16-H	yugothib.ttf
otf-ujmgrn-v	UniJIS2004-UTF16-V	yugothib.ttf
