
% TEXT, 90JIS
uphminl-h	UniJIS-UTF16-H	ipaexm.ttf %!PS IPAexMincho
uphminl-v	UniJIS-UTF16-V	ipaexm.ttf %!PS IPAexMincho
uphminr-h	UniJIS-UTF16-H	ipaexm.ttf %!PS IPAexMincho
uphminr-v	UniJIS-UTF16-V	ipaexm.ttf %!PS IPAexMincho
uphminb-h	UniJIS-UTF16-H	ipaexm.ttf %!PS IPAexMincho
uphminb-v	UniJIS-UTF16-V	ipaexm.ttf %!PS IPAexMincho
uphgothr-h	UniJIS-UTF16-H	ipaexg.ttf %!PS IPAexGothic
uphgothr-v	UniJIS-UTF16-V	ipaexg.ttf %!PS IPAexGothic
uphgothb-h	UniJIS-UTF16-H	ipaexg.ttf %!PS IPAexGothic
uphgothb-v	UniJIS-UTF16-V	ipaexg.ttf %!PS IPAexGothic
uphgotheb-h	UniJIS-UTF16-H	ipaexg.ttf %!PS IPAexGothic
uphgotheb-v	UniJIS-UTF16-V	ipaexg.ttf %!PS IPAexGothic
uphmgothr-h	UniJIS-UTF16-H	ipaexg.ttf %!PS IPAexGothic
uphmgothr-v	UniJIS-UTF16-V	ipaexg.ttf %!PS IPAexGothic

% TEXT, JIS04
uphminln-h	UniJIS2004-UTF16-H	ipaexm.ttf %!PS IPAexMincho
uphminln-v	UniJIS2004-UTF16-V	ipaexm.ttf %!PS IPAexMincho
uphminrn-h	UniJIS2004-UTF16-H	ipaexm.ttf %!PS IPAexMincho
uphminrn-v	UniJIS2004-UTF16-V	ipaexm.ttf %!PS IPAexMincho
uphminbn-h	UniJIS2004-UTF16-H	ipaexm.ttf %!PS IPAexMincho
uphminbn-v	UniJIS2004-UTF16-V	ipaexm.ttf %!PS IPAexMincho
uphgothrn-h	UniJIS2004-UTF16-H	ipaexg.ttf %!PS IPAexGothic
uphgothrn-v	UniJIS2004-UTF16-V	ipaexg.ttf %!PS IPAexGothic
uphgothbn-h	UniJIS2004-UTF16-H	ipaexg.ttf %!PS IPAexGothic
uphgothbn-v	UniJIS2004-UTF16-V	ipaexg.ttf %!PS IPAexGothic
uphgothebn-h	UniJIS2004-UTF16-H	ipaexg.ttf %!PS IPAexGothic
uphgothebn-v	UniJIS2004-UTF16-V	ipaexg.ttf %!PS IPAexGothic
uphmgothrn-h	UniJIS2004-UTF16-H	ipaexg.ttf %!PS IPAexGothic
uphmgothrn-v	UniJIS2004-UTF16-V	ipaexg.ttf %!PS IPAexGothic
