
% TEXT, 90JIS
uphminl-h	UniJIS-UTF16-H	KozMinPro-Light.otf
uphminl-v	UniJIS-UTF16-V	KozMinPro-Light.otf
uphminr-h	UniJIS-UTF16-H	KozMinPro-Regular.otf
uphminr-v	UniJIS-UTF16-V	KozMinPro-Regular.otf
uphminb-h	UniJIS-UTF16-H	KozMinPro-Bold.otf
uphminb-v	UniJIS-UTF16-V	KozMinPro-Bold.otf
uphgothr-h	UniJIS-UTF16-H	KozGoPro-Regular.otf
uphgothr-v	UniJIS-UTF16-V	KozGoPro-Regular.otf
uphgothb-h	UniJIS-UTF16-H	KozGoPro-Bold.otf
uphgothb-v	UniJIS-UTF16-V	KozGoPro-Bold.otf
uphgotheb-h	UniJIS-UTF16-H	KozGoPro-Heavy.otf
uphgotheb-v	UniJIS-UTF16-V	KozGoPro-Heavy.otf
uphmgothr-h	UniJIS-UTF16-H	KozGoPro-Heavy.otf
uphmgothr-v	UniJIS-UTF16-V	KozGoPro-Heavy.otf

% TEXT, JIS04
uphminln-h	UniJIS2004-UTF16-H	KozMinPro-Light.otf
uphminln-v	UniJIS2004-UTF16-V	KozMinPro-Light.otf
uphminrn-h	UniJIS2004-UTF16-H	KozMinPro-Regular.otf
uphminrn-v	UniJIS2004-UTF16-V	KozMinPro-Regular.otf
uphminbn-h	UniJIS2004-UTF16-H	KozMinPro-Bold.otf
uphminbn-v	UniJIS2004-UTF16-V	KozMinPro-Bold.otf
uphgothrn-h	UniJIS2004-UTF16-H	KozGoPro-Regular.otf
uphgothrn-v	UniJIS2004-UTF16-V	KozGoPro-Regular.otf
uphgothbn-h	UniJIS2004-UTF16-H	KozGoPro-Bold.otf
uphgothbn-v	UniJIS2004-UTF16-V	KozGoPro-Bold.otf
uphgothebn-h	UniJIS2004-UTF16-H	KozGoPro-Heavy.otf
uphgothebn-v	UniJIS2004-UTF16-V	KozGoPro-Heavy.otf
uphmgothrn-h	UniJIS2004-UTF16-H	KozGoPro-Heavy.otf
uphmgothrn-v	UniJIS2004-UTF16-V	KozGoPro-Heavy.otf
